This is pdfTeX, Version 3.141592653-2.6-1.40.25 (TeX Live 2023) (preloaded format=pdflatex 2026.9.10)  14 SEP 2026 09:55
entering extended mode
 restricted \write18 enabled.
 %&-line parsing enabled.
**Diplomarbeit.tex
(./Diplomarbeit.tex
LaTeX2e <2022-11-01> patch level 1
L3 programming layer <2023-02-22>
(/usr/share/texlive/texmf-dist/tex/latex/base/report.cls
Document Class: report 2022/07/02 v1.4n Standard LaTeX document class
(/usr/share/texlive/texmf-dist/tex/latex/base/size12.clo
File: size12.clo 2022/07/02 v1.4n Standard LaTeX file (size option)
)
\c@part=\count185
\c@chapter=\count186
\c@section=\count187
\c@subsection=\count188
\c@subsubsection=\count189
\c@paragraph=\count190
\c@subparagraph=\count191
\c@figure=\count192
\c@table=\count193
\abovecaptionskip=\skip48
\belowcaptionskip=\skip49
\bibindent=\dimen140
)
(/usr/share/texlive/texmf-dist/tex/latex/tools/longtable.sty
Package: longtable 2021-09-01 v4.17 Multi-page Table package (DPC)
\LTleft=\skip50
\LTright=\skip51
\LTpre=\skip52
\LTpost=\skip53
\LTchunksize=\count194
\LTcapwidth=\dimen141
\LT@head=\box51
\LT@firsthead=\box52
\LT@foot=\box53
\LT@lastfoot=\box54
\LT@gbox=\box55
\LT@cols=\count195
\LT@rows=\count196
\c@LT@tables=\count197
\c@LT@chunks=\count198
\LT@p@ftn=\toks16
)
(/usr/share/texlive/texmf-dist/tex/latex/lipsum/lipsum.sty
(/usr/share/texlive/texmf-dist/tex/latex/l3packages/l3keys2e/l3keys2e.sty
(/usr/share/texlive/texmf-dist/tex/latex/l3kernel/expl3.sty
Package: expl3 2023-02-22 L3 programming layer (loader) 

(/usr/share/texlive/texmf-dist/tex/latex/l3backend/l3backend-pdftex.def
File: l3backend-pdftex.def 2023-01-16 L3 backend support: PDF output (pdfTeX)
\l__color_backend_stack_int=\count199
\l__pdf_internal_box=\box56
))
Package: l3keys2e 2023-02-02 LaTeX2e option processing using LaTeX3 keys
)
Package: lipsum 2021-09-20 v2.7 150 paragraphs of Lorem Ipsum dummy text
\g__lipsum_par_int=\count266
\l__lipsum_a_int=\count267
\l__lipsum_b_int=\count268

(/usr/share/texlive/texmf-dist/tex/latex/lipsum/lipsum.ltd.tex))
(/usr/share/texlive/texmf-dist/tex/generic/german/ngerman.sty v2.5e 1998-07-08
Package: ngerman 1998/07/08 v2.5e Support for writing german texts (br)
\grmnU@D=\dimen142

ngerman -- \language number for ngerman undefined, default 255 used,
ngerman -- Please read "gerdoc.tex" how to install hyphenation patterns.
ngerman -- \language number for naustrian undefined, default 255 used.
ngerman -- \language number for French undefined, default 255 used.
)
(/usr/share/texlive/texmf-dist/tex/latex/base/inputenc.sty
Package: inputenc 2021/02/14 v1.3d Input encoding file
\inpenc@prehook=\toks17
\inpenc@posthook=\toks18

(/usr/share/texlive/texmf-dist/tex/latex/base/latin1.def
File: latin1.def 2021/02/14 v1.3d Input encoding file
))
(/usr/share/texlive/texmf-dist/tex/latex/psnfss/helvet.sty
Package: helvet 2020/03/25 PSNFSS-v9.3 (WaS) 

(/usr/share/texlive/texmf-dist/tex/latex/graphics/keyval.sty
Package: keyval 2022/05/29 v1.15 key=value parser (DPC)
\KV@toks@=\toks19
))
(/usr/share/texlive/texmf-dist/tex/latex/psnfss/courier.sty
Package: courier 2020/03/25 PSNFSS-v9.3 (WaS) 
)
(/usr/share/texlive/texmf-dist/tex/latex/fancyhdr/fancyhdr.sty
Package: fancyhdr 2022/11/09 v4.1 Extensive control of page headers and footers

\f@nch@headwidth=\skip54
\f@nch@O@elh=\skip55
\f@nch@O@erh=\skip56
\f@nch@O@olh=\skip57
\f@nch@O@orh=\skip58
\f@nch@O@elf=\skip59
\f@nch@O@erf=\skip60
\f@nch@O@olf=\skip61
\f@nch@O@orf=\skip62
)
(/usr/share/texlive/texmf-dist/tex/latex/ntgclass/a4.sty
Package: a4 2023/01/10 v1.2g A4 based page layout
)
(/usr/share/texlive/texmf-dist/tex/latex/base/makeidx.sty
Package: makeidx 2021/10/04 v1.0m Standard LaTeX package
)
(/usr/share/texlive/texmf-dist/tex/latex/listings/listings.sty
\lst@mode=\count269
\lst@gtempboxa=\box57
\lst@token=\toks20
\lst@length=\count270
\lst@currlwidth=\dimen143
\lst@column=\count271
\lst@pos=\count272
\lst@lostspace=\dimen144
\lst@width=\dimen145
\lst@newlines=\count273
\lst@lineno=\count274
\lst@maxwidth=\dimen146

(/usr/share/texlive/texmf-dist/tex/latex/listings/lstmisc.sty
File: lstmisc.sty 2023/02/27 1.9 (Carsten Heinz)
\c@lstnumber=\count275
\lst@skipnumbers=\count276
\lst@framebox=\box58
)
(/usr/share/texlive/texmf-dist/tex/latex/listings/listings.cfg
File: listings.cfg 2023/02/27 1.9 listings configuration
))
Package: listings 2023/02/27 1.9 (Carsten Heinz)

(/usr/share/texlive/texmf-dist/tex/latex/graphics/color.sty
Package: color 2022/01/06 v1.3d Standard LaTeX Color (DPC)

(/usr/share/texlive/texmf-dist/tex/latex/graphics-cfg/color.cfg
File: color.cfg 2016/01/02 v1.6 sample color configuration
)
Package color Info: Driver file: pdftex.def on input line 149.

(/usr/share/texlive/texmf-dist/tex/latex/graphics-def/pdftex.def
File: pdftex.def 2022/09/22 v1.2b Graphics/color driver for pdftex
)
(/usr/share/texlive/texmf-dist/tex/latex/graphics/mathcolor.ltx))
(/usr/share/texlive/texmf-dist/tex/latex/setspace/setspace.sty
Package: setspace 2022/12/04 v6.7b set line spacing
)
(/usr/share/texlive/texmf-dist/tex/latex/graphics/graphicx.sty
Package: graphicx 2021/09/16 v1.2d Enhanced LaTeX Graphics (DPC,SPQR)

(/usr/share/texlive/texmf-dist/tex/latex/graphics/graphics.sty
Package: graphics 2022/03/10 v1.4e Standard LaTeX Graphics (DPC,SPQR)

(/usr/share/texlive/texmf-dist/tex/latex/graphics/trig.sty
Package: trig 2021/08/11 v1.11 sin cos tan (DPC)
)
(/usr/share/texlive/texmf-dist/tex/latex/graphics-cfg/graphics.cfg
File: graphics.cfg 2016/06/04 v1.11 sample graphics configuration
)
Package graphics Info: Driver file: pdftex.def on input line 107.
)
\Gin@req@height=\dimen147
\Gin@req@width=\dimen148
)
(/usr/share/texlive/texmf-dist/tex/latex/sectsty/sectsty.sty
Package: sectsty 2002/02/25 v2.0.2 Commands to change all sectional heading sty
les


LaTeX Warning: Command \underbar  has changed.
               Check if current package is valid.


LaTeX Warning: Command \underline  has changed.
               Check if current package is valid.

) (/usr/share/texlive/texmf-dist/tex/latex/hyperref/hyperref.sty
Package: hyperref 2023-02-07 v7.00v Hypertext links for LaTeX

(/usr/share/texlive/texmf-dist/tex/generic/ltxcmds/ltxcmds.sty
Package: ltxcmds 2020-05-10 v1.25 LaTeX kernel commands for general use (HO)
)
(/usr/share/texlive/texmf-dist/tex/generic/iftex/iftex.sty
Package: iftex 2022/02/03 v1.0f TeX engine tests
)
(/usr/share/texlive/texmf-dist/tex/generic/pdftexcmds/pdftexcmds.sty
Package: pdftexcmds 2020-06-27 v0.33 Utility functions of pdfTeX for LuaTeX (HO
)

(/usr/share/texlive/texmf-dist/tex/generic/infwarerr/infwarerr.sty
Package: infwarerr 2019/12/03 v1.5 Providing info/warning/error messages (HO)
)
Package pdftexcmds Info: \pdf@primitive is available.
Package pdftexcmds Info: \pdf@ifprimitive is available.
Package pdftexcmds Info: \pdfdraftmode found.
)
(/usr/share/texlive/texmf-dist/tex/latex/kvsetkeys/kvsetkeys.sty
Package: kvsetkeys 2022-10-05 v1.19 Key value parser (HO)
)
(/usr/share/texlive/texmf-dist/tex/generic/kvdefinekeys/kvdefinekeys.sty
Package: kvdefinekeys 2019-12-19 v1.6 Define keys (HO)
)
(/usr/share/texlive/texmf-dist/tex/generic/pdfescape/pdfescape.sty
Package: pdfescape 2019/12/09 v1.15 Implements pdfTeX's escape features (HO)
)
(/usr/share/texlive/texmf-dist/tex/latex/hycolor/hycolor.sty
Package: hycolor 2020-01-27 v1.10 Color options for hyperref/bookmark (HO)
)
(/usr/share/texlive/texmf-dist/tex/latex/letltxmacro/letltxmacro.sty
Package: letltxmacro 2019/12/03 v1.6 Let assignment for LaTeX macros (HO)
)
(/usr/share/texlive/texmf-dist/tex/latex/auxhook/auxhook.sty
Package: auxhook 2019-12-17 v1.6 Hooks for auxiliary files (HO)
)
(/usr/share/texlive/texmf-dist/tex/latex/hyperref/nameref.sty
Package: nameref 2022-05-17 v2.50 Cross-referencing by name of section

(/usr/share/texlive/texmf-dist/tex/latex/refcount/refcount.sty
Package: refcount 2019/12/15 v3.6 Data extraction from label references (HO)
)
(/usr/share/texlive/texmf-dist/tex/generic/gettitlestring/gettitlestring.sty
Package: gettitlestring 2019/12/15 v1.6 Cleanup title references (HO)

(/usr/share/texlive/texmf-dist/tex/latex/kvoptions/kvoptions.sty
Package: kvoptions 2022-06-15 v3.15 Key value format for package options (HO)
))
\c@section@level=\count277
)
\@linkdim=\dimen149
\Hy@linkcounter=\count278
\Hy@pagecounter=\count279

(/usr/share/texlive/texmf-dist/tex/latex/hyperref/pd1enc.def
File: pd1enc.def 2023-02-07 v7.00v Hyperref: PDFDocEncoding definition (HO)
Now handling font encoding PD1 ...
... no UTF-8 mapping file for font encoding PD1
)
(/usr/share/texlive/texmf-dist/tex/generic/intcalc/intcalc.sty
Package: intcalc 2019/12/15 v1.3 Expandable calculations with integers (HO)
)
(/usr/share/texlive/texmf-dist/tex/generic/etexcmds/etexcmds.sty
Package: etexcmds 2019/12/15 v1.7 Avoid name clashes with e-TeX commands (HO)
)
\Hy@SavedSpaceFactor=\count280

(/usr/share/texlive/texmf-dist/tex/latex/hyperref/puenc.def
File: puenc.def 2023-02-07 v7.00v Hyperref: PDF Unicode definition (HO)
Now handling font encoding PU ...
... no UTF-8 mapping file for font encoding PU
)
Package hyperref Info: Hyper figures OFF on input line 4177.
Package hyperref Info: Link nesting OFF on input line 4182.
Package hyperref Info: Hyper index ON on input line 4185.
Package hyperref Info: Plain pages OFF on input line 4192.
Package hyperref Info: Backreferencing OFF on input line 4197.
Package hyperref Info: Implicit mode ON; LaTeX internals redefined.
Package hyperref Info: Bookmarks ON on input line 4425.
\c@Hy@tempcnt=\count281

(/usr/share/texlive/texmf-dist/tex/latex/url/url.sty
\Urlmuskip=\muskip16
Package: url 2013/09/16  ver 3.4  Verb mode for urls, etc.
)
LaTeX Info: Redefining \url on input line 4763.
\XeTeXLinkMargin=\dimen150

(/usr/share/texlive/texmf-dist/tex/generic/bitset/bitset.sty
Package: bitset 2019/12/09 v1.3 Handle bit-vector datatype (HO)

(/usr/share/texlive/texmf-dist/tex/generic/bigintcalc/bigintcalc.sty
Package: bigintcalc 2019/12/15 v1.5 Expandable calculations on big integers (HO
)
))
\Fld@menulength=\count282
\Field@Width=\dimen151
\Fld@charsize=\dimen152
Package hyperref Info: Hyper figures OFF on input line 6042.
Package hyperref Info: Link nesting OFF on input line 6047.
Package hyperref Info: Hyper index ON on input line 6050.
Package hyperref Info: backreferencing OFF on input line 6057.
Package hyperref Info: Link coloring OFF on input line 6062.
Package hyperref Info: Link coloring with OCG OFF on input line 6067.
Package hyperref Info: PDF/A mode OFF on input line 6072.

(/usr/share/texlive/texmf-dist/tex/latex/base/atbegshi-ltx.sty
Package: atbegshi-ltx 2021/01/10 v1.0c Emulation of the original atbegshi
package with kernel methods
)
\Hy@abspage=\count283
\c@Item=\count284
\c@Hfootnote=\count285
)
Package hyperref Info: Driver (autodetected): hpdftex.

(/usr/share/texlive/texmf-dist/tex/latex/hyperref/hpdftex.def
File: hpdftex.def 2023-02-07 v7.00v Hyperref driver for pdfTeX

(/usr/share/texlive/texmf-dist/tex/latex/base/atveryend-ltx.sty
Package: atveryend-ltx 2020/08/19 v1.0a Emulation of the original atveryend pac
kage
with kernel methods
)
\Fld@listcount=\count286
\c@bookmark@seq@number=\count287

(/usr/share/texlive/texmf-dist/tex/latex/rerunfilecheck/rerunfilecheck.sty
Package: rerunfilecheck 2022-07-10 v1.10 Rerun checks for auxiliary files (HO)

(/usr/share/texlive/texmf-dist/tex/generic/uniquecounter/uniquecounter.sty
Package: uniquecounter 2019/12/15 v1.4 Provide unlimited unique counter (HO)
)
Package uniquecounter Info: New unique counter `rerunfilecheck' on input line 2
85.
)
\Hy@SectionHShift=\skip63
)
(/usr/share/texlive/texmf-dist/tex/latex/float/float.sty
Package: float 2001/11/08 v1.3d Float enhancements (AL)
\c@float@type=\count288
\float@exts=\toks21
\float@box=\box59
\@float@everytoks=\toks22
\@floatcapt=\box60
)
(/usr/share/texlive/texmf-dist/tex/latex/pdfpages/pdfpages.sty
Package: pdfpages 2022/12/19 v0.5x Insert pages of external PDF documents (AM)

(/usr/share/texlive/texmf-dist/tex/latex/base/ifthen.sty
Package: ifthen 2022/04/13 v1.1d Standard LaTeX ifthen package (DPC)
)
(/usr/share/texlive/texmf-dist/tex/latex/tools/calc.sty
Package: calc 2017/05/25 v4.3 Infix arithmetic (KKT,FJ)
\calc@Acount=\count289
\calc@Bcount=\count290
\calc@Adimen=\dimen153
\calc@Bdimen=\dimen154
\calc@Askip=\skip64
\calc@Bskip=\skip65
LaTeX Info: Redefining \setlength on input line 80.
LaTeX Info: Redefining \addtolength on input line 81.
\calc@Ccount=\count291
\calc@Cskip=\skip66
)
(/usr/share/texlive/texmf-dist/tex/latex/eso-pic/eso-pic.sty
Package: eso-pic 2020/10/14 v3.0a eso-pic (RN)
\ESO@tempdima=\dimen155
\ESO@tempdimb=\dimen156
)
\AM@pagewidth=\dimen157
\AM@pageheight=\dimen158
\AM@fboxrule=\dimen159

(/usr/share/texlive/texmf-dist/tex/latex/pdfpages/pppdftex.def
File: pppdftex.def 2022/12/19 v0.5x Pdfpages driver for pdfTeX (AM)
)
\pdfpages@includegraphics@status=\count292
\AM@pagebox=\box61
\AM@global@opts=\toks23
\AM@pagecnt=\count293
\AM@toc@title=\toks24
\AM@lof@heading=\toks25
\c@AM@survey=\count294
\AM@templatesizebox=\box62
)
(/usr/share/texlive/texmf-dist/tex/latex/caption/caption.sty
Package: caption 2023/03/12 v3.6j Customizing captions (AR)

(/usr/share/texlive/texmf-dist/tex/latex/caption/caption3.sty
Package: caption3 2023/03/12 v2.4 caption3 kernel (AR)
\caption@tempdima=\dimen160
\captionmargin=\dimen161
\caption@leftmargin=\dimen162
\caption@rightmargin=\dimen163
\caption@width=\dimen164
\caption@indent=\dimen165
\caption@parindent=\dimen166
\caption@hangindent=\dimen167
Package caption Info: Standard document class detected.
)
\c@caption@flags=\count295
\c@continuedfloat=\count296
Package caption Info: float package is loaded.
Package caption Info: hyperref package is loaded.
Package caption Info: listings package is loaded.
Package caption Info: longtable package is loaded.

(/usr/share/texlive/texmf-dist/tex/latex/caption/ltcaption.sty
Package: ltcaption 2021/01/08 v1.4c longtable captions (AR)
))
(/usr/share/texlive/texmf-dist/tex/latex/emptypage/emptypage.sty
Package: emptypage 2010/05/30 v1.2 Suppress page numbers and headings on empty 
pages
)
Package color Info: Redefining color green on input line 70.

(/usr/share/texlive/texmf-dist/tex/latex/listings/lstlang1.sty
File: lstlang1.sty 2023/02/27 1.9 listings language file
)
(./Diplomarbeit.aux)
\openout1 = `Diplomarbeit.aux'.

LaTeX Font Info:    Checking defaults for OML/cmm/m/it on input line 140.
LaTeX Font Info:    ... okay on input line 140.
LaTeX Font Info:    Checking defaults for OMS/cmsy/m/n on input line 140.
LaTeX Font Info:    ... okay on input line 140.
LaTeX Font Info:    Checking defaults for OT1/cmr/m/n on input line 140.
LaTeX Font Info:    ... okay on input line 140.
LaTeX Font Info:    Checking defaults for T1/cmr/m/n on input line 140.
LaTeX Font Info:    ... okay on input line 140.
LaTeX Font Info:    Checking defaults for TS1/cmr/m/n on input line 140.
LaTeX Font Info:    ... okay on input line 140.
LaTeX Font Info:    Checking defaults for OMX/cmex/m/n on input line 140.
LaTeX Font Info:    ... okay on input line 140.
LaTeX Font Info:    Checking defaults for U/cmr/m/n on input line 140.
LaTeX Font Info:    ... okay on input line 140.
LaTeX Font Info:    Checking defaults for PD1/pdf/m/n on input line 140.
LaTeX Font Info:    ... okay on input line 140.
LaTeX Font Info:    Checking defaults for PU/pdf/m/n on input line 140.
LaTeX Font Info:    ... okay on input line 140.
\c@lstlisting=\count297

(/usr/share/texlive/texmf-dist/tex/context/base/mkii/supp-pdf.mkii
[Loading MPS to PDF converter (version 2006.09.02).]
\scratchcounter=\count298
\scratchdimen=\dimen168
\scratchbox=\box63
\nofMPsegments=\count299
\nofMParguments=\count300
\everyMPshowfont=\toks26
\MPscratchCnt=\count301
\MPscratchDim=\dimen169
\MPnumerator=\count302
\makeMPintoPDFobject=\count303
\everyMPtoPDFconversion=\toks27
) (/usr/share/texlive/texmf-dist/tex/latex/epstopdf-pkg/epstopdf-base.sty
Package: epstopdf-base 2020-01-24 v2.11 Base part for package epstopdf
Package epstopdf-base Info: Redefining graphics rule for `.eps' on input line 4
85.

(/usr/share/texlive/texmf-dist/tex/latex/latexconfig/epstopdf-sys.cfg
File: epstopdf-sys.cfg 2010/07/13 v1.3 Configuration of (r)epstopdf for TeX Liv
e
))
Package hyperref Info: Link coloring OFF on input line 140.

(./Diplomarbeit.out) (./Diplomarbeit.out)
\@outlinefile=\write3
\openout3 = `Diplomarbeit.out'.


(/usr/share/texlive/texmf-dist/tex/latex/pdflscape/pdflscape.sty
Package: pdflscape 2022-10-27 v0.13 Display of landscape pages in PDF

(/usr/share/texlive/texmf-dist/tex/latex/pdflscape/pdflscape-nometadata.sty
Package: pdflscape-nometadata 2022-10-28 v0.13 Display of landscape pages in PD
F (HO)

(/usr/share/texlive/texmf-dist/tex/latex/graphics/lscape.sty
Package: lscape 2020/05/28 v3.02 Landscape Pages (DPC)
)
Package pdflscape Info: Auto-detected driver: pdftex on input line 81.
))
Package caption Info: Begin \AtBeginDocument code.
Package caption Info: End \AtBeginDocument code.
LaTeX Font Info:    Trying to load font information for OT1+phv on input line 1
41.

(/usr/share/texlive/texmf-dist/tex/latex/psnfss/ot1phv.fd
File: ot1phv.fd 2020/03/25 scalable font definitions for OT1/phv.
)
(./textparts/titel.tex
<images/HTLstp-RGB.png, id=111, 255.95625pt x 117.43875pt>
File: images/HTLstp-RGB.png Graphic file (type png)
<use images/HTLstp-RGB.png>
Package pdftex.def Info: images/HTLstp-RGB.png  used on input line 6.
(pdftex.def)             Requested size: 102.38068pt x 46.97466pt.
<images/HTL.jpg, id=113, 660.21657pt x 285.31593pt>
File: images/HTL.jpg Graphic file (type jpg)
<use images/HTL.jpg>
Package pdftex.def Info: images/HTL.jpg  used on input line 15.
(pdftex.def)             Requested size: 66.02551pt x 28.53326pt.
LaTeX Font Info:    External font `cmex10' loaded for size
(Font)              <10.95> on input line 47.
LaTeX Font Info:    External font `cmex10' loaded for size
(Font)              <8> on input line 47.
LaTeX Font Info:    External font `cmex10' loaded for size
(Font)              <6> on input line 47.
) [1

{/var/lib/texmf/fonts/map/pdftex/updmap/pdftex.map}{/usr/share/texlive/texmf-di
st/fonts/enc/dvips/base/8r.enc} <./images/HTLstp-RGB.png> <./images/HTL.jpg>] [
2

] (./textparts/erklaerung.tex) [1] [2

]
(./textparts/diplomandenvorstellung.tex
<images/HTL_IF.png, id=134, 204.765pt x 302.12875pt>
File: images/HTL_IF.png Graphic file (type png)
<use images/HTL_IF.png>
Package pdftex.def Info: images/HTL_IF.png  used on input line 11.
(pdftex.def)             Requested size: 61.42996pt x 90.63931pt.
LaTeX Font Info:    External font `cmex10' loaded for size
(Font)              <12> on input line 19.
) [3 <./images/HTL_IF.png>] [4

]
(./textparts/danksagungen.tex) [5] [6

] (./textparts/zusammenfassung.tex
LaTeX Font Info:    Trying to load font information for TS1+phv on input line 9
.

(/usr/share/texlive/texmf-dist/tex/latex/psnfss/ts1phv.fd
File: ts1phv.fd 2020/03/25 scalable font definitions for TS1/phv.
)) [7] [8

]
(./textparts/abstract.tex) [9] [10

] (./Diplomarbeit.toc [11

])
\tf@toc=\write4
\openout4 = `Diplomarbeit.toc'.

 [12]
(./textparts/uebersicht.tex
Kapitel 1.

Overfull \hbox (22.58134pt too wide) in paragraph at lines 5--6
[]\OT1/phv/m/n/12 offentlich zu-g[]anglich gemacht und als so genannter ''Java 
Community Process'' eingerichtet
 []

LaTeX Font Info:    External font `cmex10' loaded for size
(Font)              <7> on input line 10.
LaTeX Font Info:    External font `cmex10' loaded for size
(Font)              <5> on input line 10.

Overfull \hbox (21.62155pt too wide) in paragraph at lines 12--13
[]\OT1/phv/m/n/12 Hierunter finden sich Firmen wie Siemens, Nokia, Sony-Ericsso
n, Palm, Texas Instruments,
 []

LaTeX Font Info:    Font shape `OT1/phv/m/it' in size <12> not available
(Font)              Font shape `OT1/phv/m/sl' tried instead on input line 14.

Overfull \hbox (12.9445pt too wide) in paragraph at lines 14--15
[]\OT1/phv/m/n/12 Das Ziel des JCP ist ein bin[]arer Softwarestandard, welcher 
die \OT1/phv/m/sl/12 ''write once, run anywhere''
 []


pdfTeX warning (ext4): destination with the same identifier (name{page.1}) has 
been already used, duplicate ignored
<to be read again> 
                   \relax 
l.15 
      [1



]
Overfull \hbox (3.96788pt too wide) in paragraph at lines 26--28
\OT1/phv/m/n/12 Ein JSR wird von Mitgliedern der Community eingebracht und durc
h das Executive
 []


Overfull \hbox (8.2275pt too wide) in paragraph at lines 28--30
\OT1/phv/m/n/12 Eine Expertengruppe wird zusammengestellt, die einen Entwurf er
arbeitet, welcher
 []


Overfull \hbox (26.33586pt too wide) in paragraph at lines 30--32
\OT1/phv/m/n/12 Der bisherige Entwurf wird allgemein zug[]anglich gemacht und m
it Hilfe der []offentlichen
 []


Overfull \hbox (54.48781pt too wide) in paragraph at lines 30--32
\OT1/phv/m/n/12 Meinung einer weiteren Revision unterzogen. Weiters werden die 
Referenzimplementierung
 []


Overfull \hbox (9.5492pt too wide) in paragraph at lines 36--37
\OT1/phv/m/n/12 Plattform f[]ur die Weiterentwicklung einer Programmiersprache 
zu werden. Sie erm[]oglicht
 []


pdfTeX warning (ext4): destination with the same identifier (name{page.2}) has 
been already used, duplicate ignored
<to be read again> 
                   \relax 
l.44 
      [2{/usr/share/texlive/texmf-dist/fonts/enc/dvips/cm-super/cm-super-ts1.en
c}]
Overfull \hbox (11.24152pt too wide) in paragraph at lines 63--64
[]\OT1/phv/m/n/12 Die Java Grafikbibliothek Swing erfuhr bis zur Version 1.4.2 
insgesamt eine 50-prozentige
 []

[3]) [4] (./textparts/generics.tex
Kapitel 2.

Underfull \hbox (badness 10000) in paragraph at lines 10--11

 []

Package hyperref Info: bookmark level for unknown lstlisting defaults to 0 on i
nput line 12.
LaTeX Font Info:    Trying to load font information for OT1+pcr on input line 1
2.
(/usr/share/texlive/texmf-dist/tex/latex/psnfss/ot1pcr.fd
File: ot1pcr.fd 2001/06/04 font definitions for OT1/pcr.
) [5


]
Underfull \hbox (badness 10000) in paragraph at lines 36--37

 []

[6]
Overfull \hbox (8.81613pt too wide) in paragraph at lines 70--71
[]\OT1/phv/m/n/12 Homogene []Ubersetzung: F[]ur jede parametrisierte Klasse wir
d eine Klasse erzeugt,
 []


Overfull \hbox (1.4245pt too wide) in paragraph at lines 70--71
\OT1/phv/m/n/12 die statt des generischen Typs Object verwendet. F[]ur einen ko
nkreten Typ werden
 []


Overfull \hbox (61.30435pt too wide) in paragraph at lines 73--75
[]\OT1/phv/m/n/12 Beide Realisierungsm[]oglichkeiten werden durch die Compiler 
oder Interpreter der entsprechenden
 []


Overfull \hbox (15.6216pt too wide) in paragraph at lines 73--75
\OT1/phv/m/n/12 Java benutzt die homogene []Ubersetzung. Die generischen Klasse
n lassen sich au^^Yerdem
 []


Overfull \hbox (9.92175pt too wide) in paragraph at lines 80--81
\OT1/phv/m/n/12 es alle Vorkommnisse des entsprechenden Datentyps durch einen s
peziellen Bezeichner
 []

(./sources/GenericWrapper.java) [7]
Overfull \hbox (14.24141pt too wide) in paragraph at lines 111--112
\OT1/phv/m/n/12 Klasse nun f[]ur bestimmte Datentypen nutzen zu k[]onnen muss s
ie f[]ur den entsprechenden
 []


Overfull \hbox (54.78868pt too wide) in paragraph at lines 119--121
[]\OT1/phv/m/n/12 Der Vorteil dieser Parametrisierung liegt in der M[]oglichkei
t schon w[]ahrend des Kompiliervorgangs
 []

[8]
Overfull \hbox (11.77197pt too wide) in paragraph at lines 148--150
\OT1/phv/m/n/12 aber auch m[]oglich [][][][][][][][][][][][][][][][][][][][][][
] auszuf[]uhren, da sowohl
 []

<images/Norwegen_04_116.jpg, id=387, 642.4pt x 481.8pt>
File: images/Norwegen_04_116.jpg Graphic file (type jpg)
<use images/Norwegen_04_116.jpg>
Package pdftex.def Info: images/Norwegen_04_116.jpg  used on input line 160.
(pdftex.def)             Requested size: 385.44298pt x 289.08221pt.
[9]
File: images/HTLstp-RGB.png Graphic file (type png)
<use images/HTLstp-RGB.png>
Package pdftex.def Info: images/HTLstp-RGB.png  used on input line 167.
(pdftex.def)             Requested size: 255.95561pt x 117.43845pt.
 [10 <./images/Norwegen_04_116.jpg>]
Overfull \hbox (36.59647pt too wide) in paragraph at lines 179--181
\OT1/phv/m/n/12 Dieser Sachverhalt wird in [[], Deming Klaus, 2002, Seite 17ff]
 genauer beschrieben. 
 []


Underfull \hbox (badness 10000) in paragraph at lines 179--181

 []


Overfull \hbox (15.89613pt too wide) in paragraph at lines 182--183
[]\OT1/phv/m/n/12 Eine gute Einf[]uhrung zu L[]T[]Xfindet man unter [[], LatexT
utorial der Uni Hamburg] 
 []

<pdf/Hausuebung_03.pdf, id=409, 597.50829pt x 845.0471pt>
File: pdf/Hausuebung_03.pdf Graphic file (type pdf)
<use pdf/Hausuebung_03.pdf>
Package pdftex.def Info: pdf/Hausuebung_03.pdf  used on input line 188.
(pdftex.def)             Requested size: 597.50682pt x 845.04504pt.
File: pdf/Hausuebung_03.pdf Graphic file (type pdf)
<use pdf/Hausuebung_03.pdf>
Package pdftex.def Info: pdf/Hausuebung_03.pdf  used on input line 188.
(pdftex.def)             Requested size: 597.50682pt x 845.04504pt.
File: pdf/Hausuebung_03.pdf Graphic file (type pdf)
<use pdf/Hausuebung_03.pdf>
Package pdftex.def Info: pdf/Hausuebung_03.pdf  used on input line 188.
(pdftex.def)             Requested size: 597.50682pt x 845.04504pt.
<pdf/Hausuebung_03.pdf, id=413, page=1, 597.50829pt x 845.0471pt>
File: pdf/Hausuebung_03.pdf Graphic file (type pdf)
<use pdf/Hausuebung_03.pdf, page 1>
Package pdftex.def Info: pdf/Hausuebung_03.pdf , page1 used on input line 188.
(pdftex.def)             Requested size: 597.50682pt x 845.04504pt.
File: pdf/Hausuebung_03.pdf Graphic file (type pdf)
<use pdf/Hausuebung_03.pdf, page 1>
Package pdftex.def Info: pdf/Hausuebung_03.pdf , page1 used on input line 188.
(pdftex.def)             Requested size: 597.53416pt x 845.08372pt.
[11]
File: pdf/Hausuebung_03.pdf Graphic file (type pdf)
<use pdf/Hausuebung_03.pdf, page 1>
Package pdftex.def Info: pdf/Hausuebung_03.pdf , page1 used on input line 188.
(pdftex.def)             Requested size: 597.53416pt x 845.08372pt.
File: pdf/Hausuebung_03.pdf Graphic file (type pdf)
<use pdf/Hausuebung_03.pdf, page 1>
Package pdftex.def Info: pdf/Hausuebung_03.pdf , page1 used on input line 188.
(pdftex.def)             Requested size: 597.53416pt x 845.08372pt.
File: pdf/Hausuebung_03.pdf Graphic file (type pdf)
<use pdf/Hausuebung_03.pdf, page 1>
Package pdftex.def Info: pdf/Hausuebung_03.pdf , page1 used on input line 188.
(pdftex.def)             Requested size: 597.53416pt x 845.08372pt.
 [12 <./pdf/Hausuebung_03.pdf>]
<pdf/Hausuebung_03.pdf, id=439, page=2, 597.50829pt x 845.0471pt>
File: pdf/Hausuebung_03.pdf Graphic file (type pdf)
<use pdf/Hausuebung_03.pdf, page 2>
Package pdftex.def Info: pdf/Hausuebung_03.pdf , page2 used on input line 188.
(pdftex.def)             Requested size: 597.53416pt x 845.08372pt.
File: pdf/Hausuebung_03.pdf Graphic file (type pdf)
<use pdf/Hausuebung_03.pdf, page 2>
Package pdftex.def Info: pdf/Hausuebung_03.pdf , page2 used on input line 188.
(pdftex.def)             Requested size: 597.53416pt x 845.08372pt.
File: pdf/Hausuebung_03.pdf Graphic file (type pdf)
<use pdf/Hausuebung_03.pdf, page 2>
Package pdftex.def Info: pdf/Hausuebung_03.pdf , page2 used on input line 188.
(pdftex.def)             Requested size: 597.53416pt x 845.08372pt.
 [13 <./pdf/Hausuebung_03.pdf>]) [14


]
(./Diplomarbeit.lof)
\tf@lof=\write5
\openout5 = `Diplomarbeit.lof'.

 [15] [16

] (./Diplomarbeit.lot)
\tf@lot=\write6
\openout6 = `Diplomarbeit.lot'.

 [17

] [18

]
(./Diplomarbeit.lol)
\tf@lol=\write7
\openout7 = `Diplomarbeit.lol'.

 [19

] [20

]
No file Diplomarbeit.ind.
[21


] [22

] (./Diplomarbeit.aux)
Package rerunfilecheck Info: File `Diplomarbeit.out' has not changed.
(rerunfilecheck)             Checksum: 382C666E26357B80B89D68C8012173AB;4402.
 ) 
Here is how much of TeX's memory you used:
 14003 strings out of 477985
 230459 string characters out of 5839380
 2005388 words of memory out of 6000000
 33727 multiletter control sequences out of 15000+600000
 540638 words of font info for 87 fonts, out of 8000000 for 9000
 14 hyphenation exceptions out of 8191
 75i,17n,77p,563b,2063s stack positions out of 10000i,1000n,20000p,200000b,200000s
</usr/share/texlive/texmf-dist/fonts/type1/public/amsfonts/cm/cmbx12.pfb></us
r/share/texlive/texmf-dist/fonts/type1/public/amsfonts/cm/cmr10.pfb></usr/share
/texlive/texmf-dist/fonts/type1/public/amsfonts/cm/cmr12.pfb></usr/share/texliv
e/texmf-dist/fonts/type1/public/amsfonts/cm/cmr6.pfb></usr/share/texlive/texmf-
dist/fonts/type1/public/amsfonts/cm/cmr7.pfb></usr/share/texlive/texmf-dist/fon
ts/type1/public/amsfonts/cm/cmr8.pfb></usr/share/texlive/texmf-dist/fonts/type1
/public/amsfonts/cm/cmsl12.pfb></usr/share/texlive/texmf-dist/fonts/type1/publi
c/amsfonts/cm/cmsy10.pfb></usr/share/texlive/texmf-dist/fonts/type1/public/cm-s
uper/sfrm1200.pfb></usr/share/texlive/texmf-dist/fonts/type1/public/cm-super/sf
sl1200.pfb></usr/share/texlive/texmf-dist/fonts/type1/urw/courier/ucrb8a.pfb></
usr/share/texlive/texmf-dist/fonts/type1/urw/courier/ucrr8a.pfb></usr/share/tex
live/texmf-dist/fonts/type1/urw/helvetic/uhvb8a.pfb></usr/share/texlive/texmf-d
ist/fonts/type1/urw/helvetic/uhvr8a.pfb></usr/share/texlive/texmf-dist/fonts/ty
pe1/urw/helvetic/uhvro8a.pfb>
Output written on Diplomarbeit.pdf (36 pages, 739493 bytes).
PDF statistics:
 609 PDF objects out of 1000 (max. 8388607)
 521 compressed objects within 6 object streams
 199 named destinations out of 1000 (max. 500000)
 267 words of extra memory for PDF output out of 10000 (max. 10000000)

